{"details":{"body":{},"query":{},"stack":"SyntaxError: Expected property name or '}' in JSON at position 1\n    at JSON.parse (<anonymous>)\n    at parse (D:\\project\\ota-master\\node_modules\\body-parser\\lib\\types\\json.js:92:19)\n    at D:\\project\\ota-master\\node_modules\\body-parser\\lib\\read.js:128:18\n    at AsyncResource.runInAsyncScope (node:async_hooks:206:9)\n    at invokeCallback (D:\\project\\ota-master\\node_modules\\raw-body\\index.js:238:16)\n    at done (D:\\project\\ota-master\\node_modules\\raw-body\\index.js:227:7)\n    at IncomingMessage.onEnd (D:\\project\\ota-master\\node_modules\\raw-body\\index.js:287:7)\n    at IncomingMessage.emit (node:events:519:28)\n    at endReadableNT (node:internal/streams/readable:1696:12)\n    at process.processTicksAndRejections (node:internal/process/task_queues:82:21)","status":400},"endpoint":"/api/auth/login","error":"Expected property name or '}' in JSON at position 1","event":"api_error","level":"error","message":"API error","method":"POST","service":"ota-server","timestamp":"2026-01-15 11:30:08"}
{"error":"Column 'email' cannot be null","level":"error","message":"Registration error","service":"ota-server","timestamp":"2026-01-15 11:36:30"}
{"error":"Column 'email' cannot be null","level":"error","message":"Registration error","service":"ota-server","timestamp":"2026-01-15 11:37:09"}
{"error":"Column 'email' cannot be null","level":"error","message":"Registration error","service":"ota-server","timestamp":"2026-01-15 11:40:05"}
{"error":"Column 'email' cannot be null","level":"error","message":"Registration error","service":"ota-server","timestamp":"2026-01-15 11:40:06"}
{"error":"Column 'email' cannot be null","level":"error","message":"Registration error","service":"ota-server","timestamp":"2026-01-15 11:40:34"}
{"error":"Column 'email' cannot be null","level":"error","message":"Registration error","service":"ota-server","timestamp":"2026-01-15 11:45:49"}
{"error":"Column 'email' cannot be null","level":"error","message":"Registration error","service":"ota-server","timestamp":"2026-01-15 11:47:44"}
{"deviceId":"DE81284280EB","level":"error","message":"Target firmware not found","service":"ota-server","targetVersion":"v0.0.0","timestamp":"2026-01-20 14:41:07"}
{"deviceId":"DE81284280EB","level":"error","message":"Target firmware not found","service":"ota-server","targetVersion":"v0.0.0","timestamp":"2026-01-20 14:41:14"}
{"error":"Same version was recently deployed to this device","level":"error","macAddress":"DE81284280EB","message":"Failed to queue update","service":"ota-server","timestamp":"2026-01-20 15:12:57","version":"v1.0.1"}
{"error":"Same version was recently deployed to this device","level":"error","macAddress":"DE81284280EB","message":"Failed to queue update","service":"ota-server","timestamp":"2026-01-20 15:13:20","version":"v1.0.1"}
{"error":"Same version was recently deployed to this device","level":"error","macAddress":"DE81284280EB","message":"Failed to queue update","service":"ota-server","timestamp":"2026-01-20 15:13:38","version":"v1.0.1"}
{"error":"Same version was recently deployed to this device","level":"error","macAddress":"DE81284280EB","message":"Failed to queue update","service":"ota-server","timestamp":"2026-01-20 15:35:22","version":"v1.0.1"}
{"error":"Same version was recently deployed to this device","level":"error","macAddress":"DE81284280EB","message":"Failed to queue update","service":"ota-server","timestamp":"2026-01-20 15:36:04","version":"v1.0.1"}
{"error":"Same version was recently deployed to this device","level":"error","macAddress":"DE81284280EB","message":"Failed to queue update","service":"ota-server","timestamp":"2026-01-20 15:37:20","version":"v1.0.1"}
{"details":{"body":{},"query":{},"stack":"SyntaxError: Expected property name or '}' in JSON at position 1\n    at JSON.parse (<anonymous>)\n    at parse (D:\\project\\ota\\node_modules\\body-parser\\lib\\types\\json.js:92:19)\n    at D:\\project\\ota\\node_modules\\body-parser\\lib\\read.js:128:18\n    at AsyncResource.runInAsyncScope (node:async_hooks:206:9)\n    at invokeCallback (D:\\project\\ota\\node_modules\\raw-body\\index.js:238:16)\n    at done (D:\\project\\ota\\node_modules\\raw-body\\index.js:227:7)\n    at IncomingMessage.onEnd (D:\\project\\ota\\node_modules\\raw-body\\index.js:287:7)\n    at IncomingMessage.emit (node:events:519:28)\n    at endReadableNT (node:internal/streams/readable:1696:12)\n    at process.processTicksAndRejections (node:internal/process/task_queues:82:21)","status":400},"endpoint":"/api/auth/register","error":"Expected property name or '}' in JSON at position 1","event":"api_error","level":"error","message":"API error","method":"POST","service":"ota-server","timestamp":"2026-01-23 18:20:35"}
{"details":{"body":{},"query":{},"stack":"SyntaxError: Expected property name or '}' in JSON at position 1\n    at JSON.parse (<anonymous>)\n    at parse (D:\\project\\ota\\node_modules\\body-parser\\lib\\types\\json.js:92:19)\n    at D:\\project\\ota\\node_modules\\body-parser\\lib\\read.js:128:18\n    at AsyncResource.runInAsyncScope (node:async_hooks:206:9)\n    at invokeCallback (D:\\project\\ota\\node_modules\\raw-body\\index.js:238:16)\n    at done (D:\\project\\ota\\node_modules\\raw-body\\index.js:227:7)\n    at IncomingMessage.onEnd (D:\\project\\ota\\node_modules\\raw-body\\index.js:287:7)\n    at IncomingMessage.emit (node:events:519:28)\n    at endReadableNT (node:internal/streams/readable:1696:12)\n    at process.processTicksAndRejections (node:internal/process/task_queues:82:21)","status":400},"endpoint":"/api/auth/register","error":"Expected property name or '}' in JSON at position 1","event":"api_error","level":"error","message":"API error","method":"POST","service":"ota-server","timestamp":"2026-01-23 18:23:33"}
{"error":"Unknown database 'ota_db'","level":"error","message":"Rollback watchdog check failed","service":"ota-server","timestamp":"2026-02-06 16:53:39"}
{"error":"Unknown database 'ota_db'","level":"error","message":"Rollback watchdog check failed","service":"ota-server","timestamp":"2026-02-06 16:54:38"}
{"error":"Unknown database 'ota_db'","level":"error","message":"Rollback watchdog check failed","service":"ota-server","timestamp":"2026-02-06 16:55:38"}
